// Jest Snapshot v1, https://goo.gl/fbAQLP

exports[`HomePage renders correctly 1`] = `
<DocumentFragment>
  <div
    class="container"
  >
    <div
      class="search-section"
    >
      <div
        class="search-section_small"
      >
        <form
          class="search-box"
        >
          <h2
            class="search-title"
          >
            Welcome 
          </h2>
          <img
            alt=""
            id="planepic"
            src="planepic.png"
          />
          <p
            class="search-question"
          >
            Where are you headed?
          </p>
          <div
            class="blue-search-bar"
          >
            <div
              class="white-search-bar"
            >
              <input
                class="search-input"
                placeholder="e.g. Portugal"
                type="text"
                value=""
              />
              <button
                class="search-button"
                type="submit"
              >
                <img
                  alt=""
                  id="search-icon"
                  src="search.png"
                />
              </button>
            </div>
          </div>
        </form>
      </div>
    </div>
  </div>
</DocumentFragment>
`;
